// Jest Snapshot v1, https://goo.gl/fbAQLP

exports[`<AlbumTile/> component should render 1`] = `
<div>
  <button
    class="button tile"
    type="button"
  >
    <div
      class="albumTile"
    >
      <div
        class="art"
        draggable="false"
      />
      <div
        class="tag"
      >
        <div
          class="album"
        >
          Album Title
        </div>
        <div
          class="artist"
        >
          Artist
        </div>
        <div
          class="timestamp"
        >
          Added 
          Nov 30, 2020
        </div>
      </div>
    </div>
  </button>
</div>
`;
