// Jest Snapshot v1, https://goo.gl/fbAQLP

exports[`<ContentView/> component should render 1`] = `
<div>
  <div
    class="contentView"
  >
    <div
      class="resetBtn"
    >
      <button
        class="button text"
        type="button"
      >
        @
      </button>
    </div>
    <div
      class="home"
    >
      <h2>
        Recently added
      </h2>
      <div
        class="albumScroll"
      >
        <button
          class="button tile"
          type="button"
        >
          <div
            class="albumTile"
          >
            <div
              class="art"
            />
            <div
              class="tag"
            >
              <div
                class="title"
              >
                Drive Slow
              </div>
              <div
                class="artist"
              >
                Mac Ayres
              </div>
            </div>
          </div>
        </button>
        <button
          class="button tile"
          type="button"
        >
          <div
            class="albumTile"
          >
            <div
              class="art"
            />
            <div
              class="tag"
            >
              <div
                class="title"
              >
                Freudian
              </div>
              <div
                class="artist"
              >
                Daniel Caesar
              </div>
            </div>
          </div>
        </button>
        <button
          class="button tile"
          type="button"
        >
          <div
            class="albumTile"
          >
            <div
              class="art"
            />
            <div
              class="tag"
            >
              <div
                class="title"
              >
                These Days
              </div>
              <div
                class="artist"
              >
                Manwolves
              </div>
            </div>
          </div>
        </button>
        <button
          class="button tile"
          type="button"
        >
          <div
            class="albumTile"
          >
            <div
              class="art"
            />
            <div
              class="tag"
            >
              <div
                class="title"
              >
                Lonerism
              </div>
              <div
                class="artist"
              >
                Tame Impala
              </div>
            </div>
          </div>
        </button>
        <button
          class="button tile"
          type="button"
        >
          <div
            class="albumTile"
          >
            <div
              class="art"
            />
            <div
              class="tag"
            >
              <div
                class="title"
              >
                Nectar
              </div>
              <div
                class="artist"
              >
                Joji
              </div>
            </div>
          </div>
        </button>
      </div>
    </div>
  </div>
</div>
`;
