// Jest Snapshot v1, https://goo.gl/fbAQLP

exports[`<Home/> component should render 1`] = `
<div>
  <div
    class="home"
  >
    <h2>
      Recently added
    </h2>
    <p>
      No recently added albums found.
    </p>
    <div
      class="albumScroll"
    />
    <div
      class="albumScroll"
    />
  </div>
</div>
`;
